
> react-router-ai-recipe@1.0.0 build
> react-router build

[36mvite v6.4.2 [32mbuilding for production...[36m[39m
transforming...
[33m../../packages/core/components/Render/index.tsx (1:0): Error when using sourcemap for reporting an error: Can't resolve original location of error.[39m
[33m../../packages/core/components/Button/Button.tsx (1:0): Error when using sourcemap for reporting an error: Can't resolve original location of error.[39m
[33m../../packages/core/lib/field-transforms/use-field-transforms-tracked.tsx (1:0): Error when using sourcemap for reporting an error: Can't resolve original location of error.[39m
[33m../../packages/core/components/SlotRender/index.tsx (1:0): Error when using sourcemap for reporting an error: Can't resolve original location of error.[39m
[33m../../packages/core/store/index.ts (1:0): Error when using sourcemap for reporting an error: Can't resolve original location of error.[39m
[33m../../packages/core/components/InlineTextField/index.tsx (1:0): Error when using sourcemap for reporting an error: Can't resolve original location of error.[39m
[33m../../packages/core/lib/frame-context.tsx (1:0): Error when using sourcemap for reporting an error: Can't resolve original location of error.[39m
[32m✓[39m 2389 modules transformed.
[33mGenerated an empty chunk: "api.puck".[39m
rendering chunks...
computing gzip size...
[2mbuild/client/[22m[32m.vite/manifest.json                 [39m[1m[2m 10.60 kB[22m[1m[22m[2m │ gzip:   1.32 kB[22m
[2mbuild/client/[22m[35massets/index-DDDsyNhQ.css           [39m[1m[2m  4.50 kB[22m[1m[22m[2m │ gzip:   1.15 kB[22m
[2mbuild/client/[22m[35massets/index-Dp1sFph1.css           [39m[1m[2m 29.89 kB[22m[1m[22m[2m │ gzip:   6.36 kB[22m
[2mbuild/client/[22m[35massets/puck-BpVkulbh.css            [39m[1m[2m 68.32 kB[22m[1m[22m[2m │ gzip:  11.96 kB[22m
[2mbuild/client/[22m[36massets/api.puck-l0sNRNKZ.js         [39m[1m[2m  0.00 kB[22m[1m[22m[2m │ gzip:   0.02 kB[22m
[2mbuild/client/[22m[36massets/puck-splat-DOf2miyx.js       [39m[1m[2m  0.18 kB[22m[1m[22m[2m │ gzip:   0.16 kB[22m
[2mbuild/client/[22m[36massets/_index-AyXnvBc5.js           [39m[1m[2m  0.38 kB[22m[1m[22m[2m │ gzip:   0.28 kB[22m
[2mbuild/client/[22m[36massets/loaded-C9fMTy7-.js           [39m[1m[2m  0.74 kB[22m[1m[22m[2m │ gzip:   0.44 kB[22m
[2mbuild/client/[22m[36massets/loaded-DJCO2kuO.js           [39m[1m[2m  0.77 kB[22m[1m[22m[2m │ gzip:   0.48 kB[22m
[2mbuild/client/[22m[36massets/loaded-D0NKZEmt.js           [39m[1m[2m  0.77 kB[22m[1m[22m[2m │ gzip:   0.44 kB[22m
[2mbuild/client/[22m[36massets/loaded-YLCOP3SH-GQf5AWvw.js  [39m[1m[2m  0.78 kB[22m[1m[22m[2m │ gzip:   0.46 kB[22m
[2mbuild/client/[22m[36massets/loaded-YPORUIBM-NQt74ZU_.js  [39m[1m[2m  0.82 kB[22m[1m[22m[2m │ gzip:   0.51 kB[22m
[2mbuild/client/[22m[36massets/loaded-Y3Q4EEVQ-BsGS1jTG.js  [39m[1m[2m  0.84 kB[22m[1m[22m[2m │ gzip:   0.47 kB[22m
[2mbuild/client/[22m[36massets/Render-CqY4Cq6B.js           [39m[1m[2m  0.85 kB[22m[1m[22m[2m │ gzip:   0.52 kB[22m
[2mbuild/client/[22m[36massets/root-D0_sTr9H.js             [39m[1m[2m  0.86 kB[22m[1m[22m[2m │ gzip:   0.49 kB[22m
[2mbuild/client/[22m[36massets/Render-B4QFJNU3-DhQ5hBmW.js  [39m[1m[2m  0.89 kB[22m[1m[22m[2m │ gzip:   0.54 kB[22m
[2mbuild/client/[22m[36massets/index-DvoODG7m.js            [39m[1m[2m  1.06 kB[22m[1m[22m[2m │ gzip:   0.45 kB[22m
[2mbuild/client/[22m[36massets/extension-CCznVjPs.js        [39m[1m[2m  1.35 kB[22m[1m[22m[2m │ gzip:   0.53 kB[22m
[2mbuild/client/[22m[36massets/chunk-2CNEFIQP-DL5oTE7i.js   [39m[1m[2m  1.40 kB[22m[1m[22m[2m │ gzip:   0.57 kB[22m
[2mbuild/client/[22m[36massets/full-Body6Cq0.js             [39m[1m[2m  2.20 kB[22m[1m[22m[2m │ gzip:   0.87 kB[22m
[2mbuild/client/[22m[36massets/full-YKVHWGNW-BKgBTf6l.js    [39m[1m[2m  2.25 kB[22m[1m[22m[2m │ gzip:   0.90 kB[22m
[2mbuild/client/[22m[36massets/Editor-DGshrMRX.js           [39m[1m[2m  2.35 kB[22m[1m[22m[2m │ gzip:   1.16 kB[22m
[2mbuild/client/[22m[36massets/Editor-HLV37D6W-BR43xj_b.js  [39m[1m[2m  2.45 kB[22m[1m[22m[2m │ gzip:   1.21 kB[22m
[2mbuild/client/[22m[36massets/entry.client-DHUfM2Dq.js     [39m[1m[2m  6.67 kB[22m[1m[22m[2m │ gzip:   2.63 kB[22m
[2mbuild/client/[22m[36massets/index-CuPxrR2w.js            [39m[1m[2m 16.91 kB[22m[1m[22m[2m │ gzip:   5.46 kB[22m
[2mbuild/client/[22m[36massets/index-BbWetAvq.js            [39m[1m[2m 57.17 kB[22m[1m[22m[2m │ gzip:  21.46 kB[22m
[2mbuild/client/[22m[36massets/chunk-OE4NN4TA-bVAdx_Ta.js   [39m[1m[2m128.32 kB[22m[1m[22m[2m │ gzip:  43.03 kB[22m
[2mbuild/client/[22m[36massets/index-8jijMwkE.js            [39m[1m[2m134.77 kB[22m[1m[22m[2m │ gzip:  43.34 kB[22m
[2mbuild/client/[22m[36massets/index-B_i-VpMY.js            [39m[1m[2m276.79 kB[22m[1m[22m[2m │ gzip:  85.80 kB[22m
[2mbuild/client/[22m[36massets/puck.config-DiMIGHA7.js      [39m[1m[2m409.78 kB[22m[1m[22m[2m │ gzip: 130.80 kB[22m
[2mbuild/client/[22m[36massets/puck-splat-DM7opCQT.js       [39m[1m[33m631.55 kB[39m[22m[2m │ gzip: 177.57 kB[22m
[33m
(!) Some chunks are larger than 500 kB after minification. Consider:
- Using dynamic import() to code-split the application
- Use build.rollupOptions.output.manualChunks to improve chunking: https://rollupjs.org/configuration-options/#output-manualchunks
- Adjust chunk size limit for this warning via build.chunkSizeWarningLimit.[39m
[32m✓ built in 21.82s[39m
[36mvite v6.4.2 [32mbuilding SSR bundle for production...[36m[39m
transforming...
[33m../../packages/core/components/Render/index.tsx (1:0): Error when using sourcemap for reporting an error: Can't resolve original location of error.[39m
[33m../../packages/core/components/Button/Button.tsx (1:0): Error when using sourcemap for reporting an error: Can't resolve original location of error.[39m
[33m../../packages/core/components/SlotRender/index.tsx (1:0): Error when using sourcemap for reporting an error: Can't resolve original location of error.[39m
[33m../../packages/core/store/index.ts (1:0): Error when using sourcemap for reporting an error: Can't resolve original location of error.[39m
[33m../../packages/core/lib/field-transforms/use-field-transforms-tracked.tsx (1:0): Error when using sourcemap for reporting an error: Can't resolve original location of error.[39m
[33m../../packages/core/lib/field-transforms/default-transforms/rich-text-transform.tsx (1:0): Error when using sourcemap for reporting an error: Can't resolve original location of error.[39m
[33m../../packages/core/lib/frame-context.tsx (1:0): Error when using sourcemap for reporting an error: Can't resolve original location of error.[39m
[33m../../packages/core/components/InlineTextField/index.tsx (1:0): Error when using sourcemap for reporting an error: Can't resolve original location of error.[39m
[32m✓[39m 286 modules transformed.
rendering chunks...
[2mbuild/server/[22m[32m.vite/manifest.json               [39m[1m[2m  3.84 kB[22m[1m[22m
[2mbuild/server/[22m[35massets/index-DDDsyNhQ.css         [39m[1m[2m  4.50 kB[22m[1m[22m
[2mbuild/server/[22m[35massets/index-Dp1sFph1.css         [39m[1m[2m 29.89 kB[22m[1m[22m
[2mbuild/server/[22m[35massets/server-build-BpVkulbh.css  [39m[1m[2m 68.32 kB[22m[1m[22m
[2mbuild/server/[22m[36mindex.js                          [39m[1m[2m  1.15 kB[22m[1m[22m
[2mbuild/server/[22m[36massets/loaded-JD_Lszjf.js         [39m[1m[2m  2.12 kB[22m[1m[22m
[2mbuild/server/[22m[36massets/loaded-DgkzUyUK.js         [39m[1m[2m  2.18 kB[22m[1m[22m
[2mbuild/server/[22m[36massets/loaded-DnaQYLus.js         [39m[1m[2m  2.20 kB[22m[1m[22m
[2mbuild/server/[22m[36massets/Render-By_OvKOm.js         [39m[1m[2m  2.90 kB[22m[1m[22m
[2mbuild/server/[22m[36massets/extension-BpCEkQ8Q.js      [39m[1m[2m  3.38 kB[22m[1m[22m
[2mbuild/server/[22m[36massets/full-2hAzJ1LU.js           [39m[1m[2m  4.18 kB[22m[1m[22m
[2mbuild/server/[22m[36massets/Editor-DDtRODpC.js         [39m[1m[2m  6.25 kB[22m[1m[22m
[2mbuild/server/[22m[36massets/server-build-BtTL9Tgv.js   [39m[1m[2m383.15 kB[22m[1m[22m

[32m✓[39m 3 assets cleaned from React Router server build.
[2mbuild\client\assets\index-Dp1sFph1.css[22m
[2mbuild\client\assets\index-DDDsyNhQ.css[22m
[2mbuild\server\assets\server-build-BpVkulbh.css[22m
[32m✓[39m 1 asset moved from React Router server build to client assets.
[2mbuild\client\assets\server-build-BpVkulbh.css[22m

[32m✓ built in 2.24s[39m
