
> @puckeditor/plugin-emotion-cache@0.21.1 build
> node -e "require('fs').rmSync('dist',{ recursive: true, force: true })" && tsup index.tsx

▲ [WARNING] The condition "types" here will never be used as it comes after both "import" and "require" [package.json]

    package.json:13:4:
      13 │     "types": "./dist/index.d.ts"
         ╵     ~~~~~~~

  The "import" condition comes earlier and will be used for all "import" statements:

    package.json:11:4:
      11 │     "import": "./dist/index.mjs",
         ╵     ~~~~~~~~

  The "require" condition comes earlier and will be used for all "require" calls:

    package.json:12:4:
      12 │     "require": "./dist/index.js",
         ╵     ~~~~~~~~~

[34mCLI[39m Building entry: index.tsx
[34mCLI[39m Using tsconfig: tsconfig.json
[34mCLI[39m tsup v8.5.1
[34mCLI[39m Using tsup config: C:\Users\Golden\Documents\Graduation_project\puck-editor\packages\plugin-emotion-cache\tsup.config.ts
[34mCLI[39m Target: es6
[34mCJS[39m Build start
[34mESM[39m Build start

[43m[30m WARN [39m[49m [33m▲ [43;33m[[43;30mWARNING[43;33m][0m [1mThe condition "types" here will never be used as it comes after both "import" and "require"[0m [package.json]

    package.json:13:4:
[37m      13 │     [32m"types"[37m: "./dist/index.d.ts"
         ╵     [32m~~~~~~~[0m

  The "import" condition comes earlier and will be used for all "import" statements:

    package.json:11:4:
[37m      11 │     [32m"import"[37m: "./dist/index.mjs",
         ╵     [32m~~~~~~~~[0m

  The "require" condition comes earlier and will be used for all "require" calls:

    package.json:12:4:
[37m      12 │     [32m"require"[37m: "./dist/index.js",
         ╵     [32m~~~~~~~~~[0m




[43m[30m WARN [39m[49m [33m▲ [43;33m[[43;30mWARNING[43;33m][0m [1mThe condition "types" here will never be used as it comes after both "import" and "require"[0m [package.json]

    package.json:13:4:
[37m      13 │     [32m"types"[37m: "./dist/index.d.ts"
         ╵     [32m~~~~~~~[0m

  The "import" condition comes earlier and will be used for all "import" statements:

    package.json:11:4:
[37m      11 │     [32m"import"[37m: "./dist/index.mjs",
         ╵     [32m~~~~~~~~[0m

  The "require" condition comes earlier and will be used for all "require" calls:

    package.json:12:4:
[37m      12 │     [32m"require"[37m: "./dist/index.js",
         ╵     [32m~~~~~~~~~[0m



[32mESM[39m [1mdist\index.mjs [22m[32m27.11 KB[39m
[32mESM[39m ⚡️ Build success in 520ms
[32mCJS[39m [1mdist\index.js [22m[32m28.72 KB[39m
[32mCJS[39m ⚡️ Build success in 521ms
[34mDTS[39m Build start
[32mDTS[39m ⚡️ Build success in 5249ms
[32mDTS[39m [1mdist\index.d.ts  [22m[32m25.70 KB[39m
[32mDTS[39m [1mdist\index.d.mts [22m[32m25.70 KB[39m
