
> demo@1.0.0 build
> next build

 ⚠ Invalid next.config.js options detected: 
 ⚠     Unrecognized key(s) in object: 'turbopack'
 ⚠ See more info here: https://nextjs.org/docs/messages/invalid-next-config
  ▲ Next.js 14.2.35

   Creating an optimized production build ...
Failed to compile.

./app/(auth)/request-otp/page.tsx
Module not found: Can't resolve '@/lib/api'

https://nextjs.org/docs/messages/module-not-found

./app/(auth)/request-otp/page.tsx
Module not found: Can't resolve '@/components/system/Field'

https://nextjs.org/docs/messages/module-not-found

./app/(auth)/request-otp/page.tsx
Module not found: Can't resolve '@/lib/schema'

https://nextjs.org/docs/messages/module-not-found

./app/(auth)/verify-otp/page.tsx
Module not found: Can't resolve '@/lib/api'

https://nextjs.org/docs/messages/module-not-found

./app/(auth)/verify-otp/page.tsx
Module not found: Can't resolve '@/lib/cookies'

https://nextjs.org/docs/messages/module-not-found


> Build failed because of webpack errors
npm error Lifecycle script `build` failed with error:
npm error code 1
npm error path C:\Users\Golden\Documents\Graduation_project\puck-editor\apps\demo
npm error workspace demo@1.0.0
npm error location C:\Users\Golden\Documents\Graduation_project\puck-editor\apps\demo
npm error command failed
npm error command C:\Windows\system32\cmd.exe /d /s /c next build
