
> react-router-recipe@1.0.0 build
> react-router build

[36mvite v6.4.2 [32mbuilding for production...[36m[39m
transforming...
[33m../../packages/core/components/Render/index.tsx (1:0): Error when using sourcemap for reporting an error: Can't resolve original location of error.[39m
[33m../../packages/core/components/Button/Button.tsx (1:0): Error when using sourcemap for reporting an error: Can't resolve original location of error.[39m
[33m../../packages/core/components/SlotRender/index.tsx (1:0): Error when using sourcemap for reporting an error: Can't resolve original location of error.[39m
[33m../../packages/core/lib/field-transforms/use-field-transforms-tracked.tsx (1:0): Error when using sourcemap for reporting an error: Can't resolve original location of error.[39m
[33m../../packages/core/store/index.ts (1:0): Error when using sourcemap for reporting an error: Can't resolve original location of error.[39m
[33m../../packages/core/lib/frame-context.tsx (1:0): Error when using sourcemap for reporting an error: Can't resolve original location of error.[39m
[33m../../packages/core/components/InlineTextField/index.tsx (1:0): Error when using sourcemap for reporting an error: Can't resolve original location of error.[39m
[32m✓[39m 2024 modules transformed.
rendering chunks...
computing gzip size...
[2mbuild/client/[22m[32m.vite/manifest.json                [39m[1m[2m  5.98 kB[22m[1m[22m[2m │ gzip:   0.87 kB[22m
[2mbuild/client/[22m[35massets/index-DDDsyNhQ.css          [39m[1m[2m  4.50 kB[22m[1m[22m[2m │ gzip:   1.15 kB[22m
[2mbuild/client/[22m[35massets/puck-BpVkulbh.css           [39m[1m[2m 68.32 kB[22m[1m[22m[2m │ gzip:  11.96 kB[22m
[2mbuild/client/[22m[36massets/_index-CwFS9bqF.js          [39m[1m[2m  0.38 kB[22m[1m[22m[2m │ gzip:   0.27 kB[22m
[2mbuild/client/[22m[36massets/loaded-BbkwQEoD.js          [39m[1m[2m  0.74 kB[22m[1m[22m[2m │ gzip:   0.44 kB[22m
[2mbuild/client/[22m[36massets/puck-splat-CGOxH2fN.js      [39m[1m[2m  0.74 kB[22m[1m[22m[2m │ gzip:   0.48 kB[22m
[2mbuild/client/[22m[36massets/loaded-Jy3RHHR7.js          [39m[1m[2m  0.77 kB[22m[1m[22m[2m │ gzip:   0.48 kB[22m
[2mbuild/client/[22m[36massets/loaded-DGjlmwR9.js          [39m[1m[2m  0.77 kB[22m[1m[22m[2m │ gzip:   0.44 kB[22m
[2mbuild/client/[22m[36massets/root-DIcUA0zJ.js            [39m[1m[2m  0.86 kB[22m[1m[22m[2m │ gzip:   0.49 kB[22m
[2mbuild/client/[22m[36massets/Render-Ci3ZUVcC.js          [39m[1m[2m  1.78 kB[22m[1m[22m[2m │ gzip:   0.82 kB[22m
[2mbuild/client/[22m[36massets/full-BS8WCB75.js            [39m[1m[2m  2.20 kB[22m[1m[22m[2m │ gzip:   0.87 kB[22m
[2mbuild/client/[22m[36massets/Editor-CxNm06Ni.js          [39m[1m[2m  2.32 kB[22m[1m[22m[2m │ gzip:   1.15 kB[22m
[2mbuild/client/[22m[36massets/entry.client-DzyeJrm0.js    [39m[1m[2m  6.68 kB[22m[1m[22m[2m │ gzip:   2.64 kB[22m
[2mbuild/client/[22m[36massets/index-BWqKGbGT.js           [39m[1m[2m 16.91 kB[22m[1m[22m[2m │ gzip:   5.46 kB[22m
[2mbuild/client/[22m[36massets/extension-BB_4B67j.js       [39m[1m[2m 58.17 kB[22m[1m[22m[2m │ gzip:  21.66 kB[22m
[2mbuild/client/[22m[36massets/chunk-OE4NN4TA-BSt6axOB.js  [39m[1m[2m128.32 kB[22m[1m[22m[2m │ gzip:  43.03 kB[22m
[2mbuild/client/[22m[36massets/index-V0VW7eWt.js           [39m[1m[2m134.77 kB[22m[1m[22m[2m │ gzip:  43.34 kB[22m
[2mbuild/client/[22m[36massets/index-BETsOx0O.js           [39m[1m[2m276.79 kB[22m[1m[22m[2m │ gzip:  85.80 kB[22m
[2mbuild/client/[22m[36massets/puck.config-DNU9vQub.js     [39m[1m[2m409.52 kB[22m[1m[22m[2m │ gzip: 130.68 kB[22m
[32m✓ built in 12.35s[39m
[36mvite v6.4.2 [32mbuilding SSR bundle for production...[36m[39m
transforming...
[33m../../packages/core/components/Render/index.tsx (1:0): Error when using sourcemap for reporting an error: Can't resolve original location of error.[39m
[33m../../packages/core/components/Button/Button.tsx (1:0): Error when using sourcemap for reporting an error: Can't resolve original location of error.[39m
[33m../../packages/core/components/SlotRender/index.tsx (1:0): Error when using sourcemap for reporting an error: Can't resolve original location of error.[39m
[33m../../packages/core/lib/field-transforms/use-field-transforms-tracked.tsx (1:0): Error when using sourcemap for reporting an error: Can't resolve original location of error.[39m
[33m../../packages/core/lib/field-transforms/default-transforms/rich-text-transform.tsx (1:0): Error when using sourcemap for reporting an error: Can't resolve original location of error.[39m
[33m../../packages/core/store/index.ts (1:0): Error when using sourcemap for reporting an error: Can't resolve original location of error.[39m
[33m../../packages/core/lib/frame-context.tsx (1:0): Error when using sourcemap for reporting an error: Can't resolve original location of error.[39m
[33m../../packages/core/components/InlineTextField/index.tsx (1:0): Error when using sourcemap for reporting an error: Can't resolve original location of error.[39m
[32m✓[39m 283 modules transformed.
rendering chunks...
[2mbuild/server/[22m[32m.vite/manifest.json               [39m[1m[2m  3.52 kB[22m[1m[22m
[2mbuild/server/[22m[35massets/index-DDDsyNhQ.css         [39m[1m[2m  4.50 kB[22m[1m[22m
[2mbuild/server/[22m[35massets/server-build-BpVkulbh.css  [39m[1m[2m 68.32 kB[22m[1m[22m
[2mbuild/server/[22m[36mindex.js                          [39m[1m[2m  1.08 kB[22m[1m[22m
[2mbuild/server/[22m[36massets/loaded-Ej3febVD.js         [39m[1m[2m  2.05 kB[22m[1m[22m
[2mbuild/server/[22m[36massets/loaded-CQVVEI5U.js         [39m[1m[2m  2.11 kB[22m[1m[22m
[2mbuild/server/[22m[36massets/loaded-DtobD__d.js         [39m[1m[2m  2.13 kB[22m[1m[22m
[2mbuild/server/[22m[36massets/Render-LfyZZYvs.js         [39m[1m[2m  2.83 kB[22m[1m[22m
[2mbuild/server/[22m[36massets/extension-BpCEkQ8Q.js      [39m[1m[2m  3.38 kB[22m[1m[22m
[2mbuild/server/[22m[36massets/full-BFJjnEyh.js           [39m[1m[2m  4.11 kB[22m[1m[22m
[2mbuild/server/[22m[36massets/Editor-CfHCnOQt.js         [39m[1m[2m  6.19 kB[22m[1m[22m
[2mbuild/server/[22m[36massets/server-build-Qwz9uIKM.js   [39m[1m[2m381.73 kB[22m[1m[22m

[32m✓[39m 2 assets cleaned from React Router server build.
[2mbuild\client\assets\index-DDDsyNhQ.css[22m
[2mbuild\server\assets\server-build-BpVkulbh.css[22m
[32m✓[39m 1 asset moved from React Router server build to client assets.
[2mbuild\client\assets\server-build-BpVkulbh.css[22m

[32m✓ built in 2.72s[39m
